// Jest Snapshot v1, https://goo.gl/fbAQLP

exports[`TrucksService getFoodTrucks should return a FoodTruck Response 1`] = `
Object {
  "crs": Object {
    "properties": Object {
      "name": "urn:ogc:def:crs:OGC:1.3:CRS84",
    },
    "type": "name",
  },
  "features": Array [
    Object {
      "geometry": Object {
        "coordinates": Array [
          -122.39581105302317,
          37.794331003246846,
        ],
        "type": "Point",
      },
      "properties": Object {
        "address": "5 THE EMBARCADERO",
        "applicant": "Ziaurehman Amini",
        "approved": null,
        "block": "0234",
        "blocklot": "0234017",
        "cnn": "30727000",
        "dayshours": null,
        "expirationdate": 2016-03-15T05:00:00.000Z,
        "facilitytype": "Push Cart",
        "fooditems": null,
        "latitude": "37.794331003246846",
        "location_address": "",
        "location_city": "",
        "location_state": "",
        "location_zip": "",
        "locationdescription": "MARKET ST: DRUMM ST intersection",
        "longitude": "-122.39581105302317",
        "lot": "017",
        "noisent": null,
        "objectid": "735318",
        "permit": "15MFF-0159",
        "priorpermit": "0",
        "received": "20151231",
        "schedule": "http://bsm.sfdpw.org/PermitsTracker/reports/report.aspx?title=schedule&report=rptSchedule&params=permit=15MFF-0159&ExportPDF=1&Filename=15MFF-0159_schedule.pdf",
        "status": "REQUESTED",
        "x": "6013916.72",
        "y": "2117244.027",
      },
      "type": "Feature",
    },
  ],
  "type": "FeatureCollection",
}
`;
